// Jest Snapshot v1, https://goo.gl/fbAQLP

exports[`index should generate correct code 1`] = `"module.exports = \\"<!DOCTYPE html>\\\\r\\\\n<html lang=\\\\\\"ru\\\\\\">\\\\r\\\\n<head>\\\\r\\\\n  <meta charset=\\\\\\"utf-8\\\\\\">\\\\r\\\\n  <meta name=\\\\\\"viewport\\\\\\" content=\\\\\\"width=device-width, initial-scale=1, maximum-scale=1\\\\\\">\\\\r\\\\n  <meta http-equiv=\\\\\\"X-UA-Compatible\\\\\\" content=\\\\\\"IE=edge\\\\\\">\\\\r\\\\n  <meta name=\\\\\\"format-detection\\\\\\" content=\\\\\\"telephone=no\\\\\\">\\\\r\\\\n  <meta name=\\\\\\"format-detection\\\\\\" content=\\\\\\"address=no\\\\\\">\\\\r\\\\n  <title>Simple</title>\\\\r\\\\n</head>\\\\r\\\\n<body>\\\\r\\\\n  Test template\\\\r\\\\n</body>\\\\r\\\\n</html>\\\\r\\\\n\\";"`;
